["droonga.message",0,{"inReplyTo":"search:0","statusCode":200,"type":"proxy.result","body":{"result":{"count":2,"records":[["たいやき工房白家 阿佐ヶ谷店"],["たいやき本舗 藤家 阿佐ヶ谷店"]]}}}]